facility_id,expected_yield
1,323890.2
2,240892.16
3,325888.36
4,326230.23
5,250212.61
6,265597.15
7,230223.84
8,284694.45
9,295138.31
10,237508.87
11,246809.19
12,254300.73
13,68697.47
